2026-08-17T13:40:55Z CHAIN START: arm2_r1_seed1 arm2_r1_seed2 arm2_r1_seed3 arm3_r1_seed1 arm3_r1_seed2 arm3_r1_seed3 arm5_r1_seed1
2026-08-17T13:40:55Z arm2_r1_seed1 TRAIN start
2026-08-17T14:08:19Z arm2_r1_seed1 TRAIN exit=0
2026-08-17T14:08:19Z arm2_r1_seed1 SHA=e9a409978ba0ab4750cfda61d35c60f70914634c
2026-08-17T14:09:41Z arm2_r1_seed1 EM exit=0
2026-08-17T14:17:55Z arm2_r1_seed1 TASK exit=0
2026-08-17T14:17:55Z arm2_r1_seed2 TRAIN start
2026-08-17T14:43:47Z arm2_r1_seed2 TRAIN exit=0
2026-08-17T14:43:48Z arm2_r1_seed2 SHA=b4fb5d5feb649c9a223d94767811fe968a6dde05
2026-08-17T14:45:00Z arm2_r1_seed2 EM exit=0
2026-08-17T14:53:45Z arm2_r1_seed2 TASK exit=0
2026-08-17T14:53:45Z arm2_r1_seed3 TRAIN start
2026-08-17T15:19:30Z arm2_r1_seed3 TRAIN exit=0
2026-08-17T15:19:30Z arm2_r1_seed3 SHA=c49f76fda64c122159ab4947745ff6981699d859
2026-08-17T15:20:50Z arm2_r1_seed3 EM exit=0
2026-08-17T15:28:45Z arm2_r1_seed3 TASK exit=0
2026-08-17T15:28:45Z arm3_r1_seed1 TRAIN start
2026-08-17T15:54:09Z arm3_r1_seed1 TRAIN exit=0
2026-08-17T15:54:09Z arm3_r1_seed1 SHA=0530a1e3872da2bfc0dfd8e61d6ed260cfc1d793
2026-08-17T15:55:23Z arm3_r1_seed1 EM exit=0
2026-08-17T16:03:29Z arm3_r1_seed1 TASK exit=0
2026-08-17T16:03:29Z arm3_r1_seed2 TRAIN start
2026-08-17T16:28:59Z arm3_r1_seed2 TRAIN exit=0
2026-08-17T16:28:59Z arm3_r1_seed2 SHA=3b864b578ce68bd9c142ccc9f833e1192874bfd5
2026-08-17T16:30:18Z arm3_r1_seed2 EM exit=0
2026-08-17T16:38:24Z arm3_r1_seed2 TASK exit=0
2026-08-17T16:38:24Z arm3_r1_seed3 TRAIN start
2026-08-17T17:03:44Z arm3_r1_seed3 TRAIN exit=0
2026-08-17T17:03:44Z arm3_r1_seed3 SHA=3a77a35ec14636806ff35b7fcb8b612a8fa1a8e0
2026-08-17T17:05:05Z arm3_r1_seed3 EM exit=0
2026-08-17T17:13:08Z arm3_r1_seed3 TASK exit=0
2026-08-17T17:13:08Z arm5_r1_seed1 TRAIN start
2026-08-17T17:38:34Z arm5_r1_seed1 TRAIN exit=0
2026-08-17T17:38:35Z arm5_r1_seed1 SHA=b3f952da15d621cd4bd9502c3358b6bb09a3f4df
2026-08-17T17:39:49Z arm5_r1_seed1 EM exit=0
2026-08-17T17:47:49Z arm5_r1_seed1 TASK exit=0
2026-08-17T17:47:49Z CHAIN DONE
